using python at /usr/bin/python3
-- Checking for module 'mkl-sdl'
--   Package 'mkl-sdl', required by 'virtual:world', not found
Found cfitsio version 4.6.2
CFITS library  : 
CFITS libraries: cfitsio
-- Submodule update
======= adding module  COREMOD_arith
======= adding module  COREMOD_iofits
======= adding module  COREMOD_memory
======= adding module  COREMOD_tools
CMAKE_BUILD_TYPE : Release
COMPILE_OPTIONS:  
====================================================
VERSION  1.03.00
====================================================
CMAKE_THREAD_LIBS_INIT  :  
PROJECT_SOURCE_DIR       = /home/oguyon/src/milk
PROJECT_BINARY_DIR       = /home/oguyon/src/milk/_build
CMAKE_INSTALL_PREFIX     = /usr/local/milk-1.03.00
USE_CUDA                 = OFF
USE_MAGMA                = OFF
EXTRAMODULES             = 
ADDING SUBDIR = src/CommandLineInterface
CMake Deprecation Warning at src/CommandLineInterface/CMakeLists.txt:1 (cmake_minimum_required):
  Compatibility with CMake < 3.10 will be removed from a future version of
  CMake.

  Update the VERSION argument <min> value.  Or, use the <min>...<max> syntax
  to tell CMake that the project requires at least <min> but has been updated
  to work with policies introduced by <max> or earlier.


-- Checking for module 'hwloc'
--   Package 'hwloc', required by 'virtual:world', not found
Found OpenMP
ADDING SUBDIR = src/ImageStreamIO

 SRCNAME = ImageStreamIO -> LIBNAME = ImageStreamIO
 VERSION = 2.00.00
CMake Deprecation Warning at src/ImageStreamIO/python_module/CMakeLists.txt:1 (cmake_minimum_required):
  Compatibility with CMake < 3.10 will be removed from a future version of
  CMake.

  Update the VERSION argument <min> value.  Or, use the <min>...<max> syntax
  to tell CMake that the project requires at least <min> but has been updated
  to work with policies introduced by <max> or earlier.


CMake Warning (dev) at /usr/lib/cmake/pybind11/FindPythonLibsNew.cmake:101 (message):
  Policy CMP0148 is not set: The FindPythonInterp and FindPythonLibs modules
  are removed.  Run "cmake --help-policy CMP0148" for policy details.  Use
  the cmake_policy command to set the policy and suppress this warning, or
  preferably upgrade to using FindPython, either by calling it explicitly
  before pybind11, or by setting PYBIND11_FINDPYTHON ON before pybind11.
Call Stack (most recent call first):
  /usr/lib/cmake/pybind11/pybind11Tools.cmake:50 (find_package)
  /usr/lib/cmake/pybind11/pybind11Common.cmake:228 (include)
  /usr/lib/cmake/pybind11/pybind11Config.cmake:250 (include)
  src/ImageStreamIO/python_module/CMakeLists.txt:8 (find_package)
This warning is for project developers.  Use -Wno-dev to suppress it.

-- Found pybind11: /usr/include (found version "2.13.6")
ADDING SUBDIR = src/COREMOD_arith

 SRCNAME = COREMOD_arith -> LIBNAME = milkCOREMODarith
ADDING SUBDIR = src/COREMOD_iofits

 SRCNAME = COREMOD_iofits -> LIBNAME = milkCOREMODiofits
Found cfitsio
 CFITSIO_LIBRARIES : cfitsio
ADDING SUBDIR = src/COREMOD_memory

 SRCNAME = COREMOD_memory -> LIBNAME = milkCOREMODmemory
ADDING SUBDIR = src/COREMOD_tools

 SRCNAME = COREMOD_tools -> LIBNAME = milkCOREMODtools
ADDING SUBDIR = /home/oguyon/src/milk/plugins/milk-extra-src/fft

 SRCNAME = fft -> LIBNAME = milkfft
ADDING SUBDIR = /home/oguyon/src/milk/plugins/milk-extra-src/linopt_imtools

 SRCNAME = linopt_imtools -> LIBNAME = milklinoptimtools
ADDING SUBDIR = /home/oguyon/src/milk/plugins/milk-extra-src/linalgebra
---- module linalgebra ------------------
---- OPENBLAS_LIBRARY_DIRS =  /usr/lib/x86_64-linux-gnu/openblas-pthread/
---- OPENBLAS_LIBRARIES    =  openblas
---- OPENBLAS_CFLAGS_OTHER =  
-- MKL NOT FOUND
   LINKING LAPACKE
---------------------------------------
ADDING SUBDIR = /home/oguyon/src/milk/plugins/milk-extra-src/image_gen

 SRCNAME =  -> LIBNAME = milkimagegen
 SRCNAME = image_gen
ADDING SUBDIR = /home/oguyon/src/milk/plugins/milk-extra-src/ZernikePolyn

 SRCNAME = ZernikePolyn -> LIBNAME = milkZernikePolyn
ADDING SUBDIR = /home/oguyon/src/milk/plugins/milk-extra-src/linARfilterPred

 SRCNAME = linARfilterPred -> LIBNAME = milklinARfilterPred
---- OPENBLAS_LIBRARY_DIRS =  /usr/lib/x86_64-linux-gnu/openblas-pthread/
---- OPENBLAS_LIBRARIES    =  openblas
---- OPENBLAS_CFLAGS_OTHER =  
ADDING SUBDIR = /home/oguyon/src/milk/plugins/milk-extra-src/clustering

 SRCNAME =  -> LIBNAME = milkclustering
 SRCNAME = clustering
ADDING SUBDIR = /home/oguyon/src/milk/plugins/milk-extra-src/kdtree

 SRCNAME = kdtree -> LIBNAME = milkkdtree
ADDING SUBDIR = /home/oguyon/src/milk/plugins/milk-extra-src/image_basic

 SRCNAME = image_basic -> LIBNAME = milkimagebasic
ADDING SUBDIR = /home/oguyon/src/milk/plugins/milk-extra-src/info

 SRCNAME = info -> LIBNAME = milkinfo
ADDING SUBDIR = /home/oguyon/src/milk/plugins/milk-extra-src/psf

 SRCNAME = psf -> LIBNAME = milkpsf
ADDING SUBDIR = /home/oguyon/src/milk/plugins/milk-extra-src/img_reduce

 SRCNAME = img_reduce -> LIBNAME = milkimgreduce
ADDING SUBDIR = /home/oguyon/src/milk/plugins/milk-extra-src/statistic

 SRCNAME = statistic -> LIBNAME = milkstatistic
ADDING SUBDIR = /home/oguyon/src/milk/plugins/milk-extra-src/image_filter

 SRCNAME = image_filter -> LIBNAME = milkimagefilter
ADDING SUBDIR = /home/oguyon/src/milk/plugins/milk-extra-src/image_format

 SRCNAME = image_format -> LIBNAME = milkimageformat
ADDING SUBDIR = /home/oguyon/src/milk/plugins/scexao-dataanalysis/vampirespdi
 SRCNAME = vampirespdi
 ================ vampirespdi: /home/oguyon/src/milk/plugins/scexao-dataanalysis/vampirespdi /home/oguyon/src/milk/plugins/scexao-dataanalysis/vampirespdi
-- 
 Properties for TARGET vampirespdi:
   vampirespdi.INCLUDE_DIRECTORIES = "/home/oguyon/src/milk/src/libprocessinfo;/home/oguyon/src/milk/plugins/scexao-dataanalysis/vampirespdi/..;/home/oguyon/src/milk/plugins/scexao-dataanalysis/vampirespdi;/home/oguyon/src/milk/plugins/scexao-dataanalysis/vampirespdi/..;/home/oguyon/src/milk/plugins/milk-extra-src/"

ADDING SUBDIR = /home/oguyon/src/milk/plugins/cacao-src/AOloopControl_perfTest

 SRCNAME = AOloopControl_perfTest -> LIBNAME = cacaoAOloopControlperfTest
ADDING SUBDIR = /home/oguyon/src/milk/plugins/cacao-src/AOloopControl_IOtools

 SRCNAME = AOloopControl_IOtools -> LIBNAME = cacaoAOloopControlIOtools
ADDING SUBDIR = /home/oguyon/src/milk/plugins/cacao-src/pycacao
ADDING SUBDIR = /home/oguyon/src/milk/plugins/cacao-src/AOloopControl_PredictiveControl

 SRCNAME = AOloopControl_PredictiveControl -> LIBNAME = cacaoAOloopControlPredictiveControl
ADDING SUBDIR = /home/oguyon/src/milk/plugins/cacao-src/computeCalib
 SRCNAME = computeCalib
-- MKL NOT FOUND
   LINKING LAPACKE
---- OPENBLAS_LIBRARY_DIRS =  /usr/lib/x86_64-linux-gnu/openblas-pthread/
---- OPENBLAS_LIBRARIES    =  openblas
---- OPENBLAS_CFLAGS_OTHER =  
ADDING SUBDIR = /home/oguyon/src/milk/plugins/cacao-src/AOloopControl_acquireCalib

 SRCNAME = AOloopControl_acquireCalib -> LIBNAME = cacaoAOloopControlacquireCalib
ADDING SUBDIR = /home/oguyon/src/milk/plugins/cacao-src/AOloopControl_compTools

 SRCNAME = AOloopControl_compTools -> LIBNAME = cacaoAOloopControlcompTools
ADDING SUBDIR = /home/oguyon/src/milk/plugins/cacao-src/AOloopControl

 SRCNAME = AOloopControl -> LIBNAME = cacaoAOloopControl
ADDING SUBDIR = /home/oguyon/src/milk/plugins/cacao-src/AOloopControl_DM

 SRCNAME = AOloopControl_DM -> LIBNAME = cacaoAOloopControlDM
ADDING SUBDIR = /home/oguyon/src/milk/plugins/cacao-src/pyramidWFStools
 SRCNAME = pyramidWFStools
-- MKL NOT FOUND
   LINKING LAPACKE
 SRCNAME = milk_module_example
CMake Deprecation Warning at src/isio-tools/CMakeLists.txt:1 (cmake_minimum_required):
  Compatibility with CMake < 3.10 will be removed from a future version of
  CMake.

  Update the VERSION argument <min> value.  Or, use the <min>...<max> syntax
  to tell CMake that the project requires at least <min> but has been updated
  to work with policies introduced by <max> or earlier.


CMake Deprecation Warning at src/isio-tools/isio-stream-info-1line/CMakeLists.txt:1 (cmake_minimum_required):
  Compatibility with CMake < 3.10 will be removed from a future version of
  CMake.

  Update the VERSION argument <min> value.  Or, use the <min>...<max> syntax
  to tell CMake that the project requires at least <min> but has been updated
  to work with policies introduced by <max> or earlier.


====================================================
BUILD_FLAGS             :  -DPACKAGE_NAME=\"milk\" -DCONFIGDIR=\"/home/oguyon/src/milk/config\" -DINSTALLDIR=\"/usr/local/milk-1.03.00\" -DSOURCEDIR=\"/home/oguyon/src/milk\" -DABSSRCTOPDIR=\"/home/oguyon/src/milk\" -DPACKAGE_BUGREPORT=\"https://github.com/milk-org/milk/issues\"
COMPILE_FLAGS           :  
COMPILE_OPTIONS         :  $<$<COMPILE_LANGUAGE:C>:-march=native>;$<$<COMPILE_LANGUAGE:C>:-flto=auto>;$<$<COMPILE_LANGUAGE:C>:-fwhole-program>;$<$<COMPILE_LANGUAGE:C>:-pipe>
CMAKE_EXE_LINKER_FLAGS  :  
CMAKE_C_FLAGS           :  
CMAKE_CXX_FLAGS         :  
CMAKE_C_FLAGS_DEBUG           : -O0 -g -Wall -Wextra -std=gnu17 -Wno-sign-compare
CMAKE_C_FLAGS_RELEASE         : -Ofast -DNDEBUG -std=gnu17
CMAKE_C_FLAGS_RELWITHDEBINFO  : -O2 -g -DNDEBUG
CMAKE_C_FLAGS_MINSIZEREL      : -Os -DNDEBUG
CMAKE_CURRENT_SOURCE_DIR      : /home/oguyon/src/milk
CMAKE_CURRENT_BINARY_DIR      : /home/oguyon/src/milk/_build
INSTALL_PKGCONFIG_DIR         : lib/pkgconfig
====================================================
LINKSTRING: -lCLIcore -lImageStreamIO -lm -lmilkCOREMODarith -lmilkCOREMODiofits -lmilkCOREMODmemory -lmilkCOREMODtools 
CMake Deprecation Warning at python_module/CMakeLists.txt:1 (cmake_minimum_required):
  Compatibility with CMake < 3.10 will be removed from a future version of
  CMake.

  Update the VERSION argument <min> value.  Or, use the <min>...<max> syntax
  to tell CMake that the project requires at least <min> but has been updated
  to work with policies introduced by <max> or earlier.


-- Configuring done (0.4s)
-- Generating done (0.1s)
-- Build files have been written to: /home/oguyon/src/milk/_build
[  0%] Built target ImageStreamIO
[  2%] Built target milkCOREMODtools
[  5%] Built target milkCOREMODiofits
[  6%] Built target milk-stream-cnt2push
[  6%] Built target isio-stream-info
[  7%] Built target ImageStreamIOWrap
[ 11%] Built target processinfo
[ 17%] Built target milkCOREMODarith
[ 29%] Built target milkCOREMODmemory
[ 29%] Building C object src/libfps/CMakeFiles/fps.dir/fps_execFPScmd.c.o
[ 30%] Building C object src/libfps/CMakeFiles/fps.dir/fps_processinfo_entries.c.o
In file included from /home/oguyon/src/milk/src/libfps/fps_processinfo_entries.c:8:
/home/oguyon/src/milk/src/libfps/fps_processinfo_entries.h:9:10: fatal error: ../function_parameters.h: No such file or directory
    9 | #include "../function_parameters.h"
      |          ^~~~~~~~~~~~~~~~~~~~~~~~~~
compilation terminated.
gmake[2]: *** [src/libfps/CMakeFiles/fps.dir/build.make:135: src/libfps/CMakeFiles/fps.dir/fps_processinfo_entries.c.o] Error 1
gmake[2]: *** Waiting for unfinished jobs....
In file included from /home/oguyon/src/milk/src/libfps/fps_tmux.h:10,
                 from /home/oguyon/src/milk/src/libfps/fps_execFPScmd.c:7:
/home/oguyon/src/milk/src/libfps/fps.h:172:9: warning: "FPFLAG_DEFAULT_INPUT" redefined
  172 | #define FPFLAG_DEFAULT_INPUT (FPFLAG_ACTIVE | FPFLAG_USED | FPFLAG_VISIBLE | FPFLAG_WRITE | FPFLAG_WRITECONF | FPFLAG_SAVEONCHANGE | FPFLAG_FEEDBACK | FPFLAG_WRITESTATUS)
      |         ^~~~~~~~~~~~~~~~~~~~
In file included from /home/oguyon/src/milk/src/CommandLineInterface/CLIcore.h:49,
                 from /home/oguyon/src/milk/src/libfps/fps_execFPScmd.c:6:
/home/oguyon/src/milk/src/CommandLineInterface/function_parameters.h:291:9: note: this is the location of the previous definition
  291 | #define FPFLAG_DEFAULT_INPUT                                                   \
      |         ^~~~~~~~~~~~~~~~~~~~
/home/oguyon/src/milk/src/libfps/fps.h:173:9: warning: "FPFLAG_DEFAULT_OUTPUT" redefined
  173 | #define FPFLAG_DEFAULT_OUTPUT (FPFLAG_ACTIVE | FPFLAG_USED | FPFLAG_VISIBLE)
      |         ^~~~~~~~~~~~~~~~~~~~~
/home/oguyon/src/milk/src/CommandLineInterface/function_parameters.h:295:9: note: this is the location of the previous definition
  295 | #define FPFLAG_DEFAULT_OUTPUT FPFLAG_ACTIVE | FPFLAG_USED | FPFLAG_VISIBLE
      |         ^~~~~~~~~~~~~~~~~~~~~
/home/oguyon/src/milk/src/libfps/fps.h:174:9: warning: "FPFLAG_DEFAULT_INPUT_STREAM" redefined
  174 | #define FPFLAG_DEFAULT_INPUT_STREAM (FPFLAG_DEFAULT_INPUT | FPFLAG_STREAM_RUN_REQUIRED | FPFLAG_CHECKSTREAM)
      |         ^~~~~~~~~~~~~~~~~~~~~~~~~~~
/home/oguyon/src/milk/src/CommandLineInterface/function_parameters.h:296:9: note: this is the location of the previous definition
  296 | #define FPFLAG_DEFAULT_INPUT_STREAM                                            \
      |         ^~~~~~~~~~~~~~~~~~~~~~~~~~~
/home/oguyon/src/milk/src/libfps/fps.h:175:9: warning: "FPFLAG_DEFAULT_OUTPUT_STREAM" redefined
  175 | #define FPFLAG_DEFAULT_OUTPUT_STREAM (FPFLAG_DEFAULT_INPUT | FPFLAG_CHECKSTREAM)
      |         ^~~~~~~~~~~~~~~~~~~~~~~~~~~~
/home/oguyon/src/milk/src/CommandLineInterface/function_parameters.h:298:9: note: this is the location of the previous definition
  298 | #define FPFLAG_DEFAULT_OUTPUT_STREAM FPFLAG_DEFAULT_INPUT | FPFLAG_CHECKSTREAM
      |         ^~~~~~~~~~~~~~~~~~~~~~~~~~~~
/home/oguyon/src/milk/src/libfps/fps.h:177:9: warning: "FPFLAG_DEFAULT_STATUS" redefined
  177 | #define FPFLAG_DEFAULT_STATUS (FPFLAG_ACTIVE | FPFLAG_USED | FPFLAG_VISIBLE)
      |         ^~~~~~~~~~~~~~~~~~~~~
/home/oguyon/src/milk/src/CommandLineInterface/function_parameters.h:301:9: note: this is the location of the previous definition
  301 | #define FPFLAG_DEFAULT_STATUS FPFLAG_ACTIVE | FPFLAG_USED | FPFLAG_VISIBLE
      |         ^~~~~~~~~~~~~~~~~~~~~
/home/oguyon/src/milk/src/libfps/fps.h:190:3: error: conflicting types for ‘FUNCTION_PARAMETER_SUBINFO_STREAM’; have ‘struct <anonymous>’
  190 | } FUNCTION_PARAMETER_SUBINFO_STREAM;
      |   ^~~~~~~~~~~~~~~~~~~~~~~~~~~~~~~~~
/home/oguyon/src/milk/src/CommandLineInterface/function_parameters.h:318:3: note: previous declaration of ‘FUNCTION_PARAMETER_SUBINFO_STREAM’ with type ‘FUNCTION_PARAMETER_SUBINFO_STREAM’
  318 | } FUNCTION_PARAMETER_SUBINFO_STREAM;
      |   ^~~~~~~~~~~~~~~~~~~~~~~~~~~~~~~~~
/home/oguyon/src/milk/src/libfps/fps.h:197:3: error: conflicting types for ‘FUNCTION_PARAMETER_SUBINFO_FPS’; have ‘struct <anonymous>’
  197 | } FUNCTION_PARAMETER_SUBINFO_FPS;
      |   ^~~~~~~~~~~~~~~~~~~~~~~~~~~~~~
/home/oguyon/src/milk/src/CommandLineInterface/function_parameters.h:325:3: note: previous declaration of ‘FUNCTION_PARAMETER_SUBINFO_FPS’ with type ‘FUNCTION_PARAMETER_SUBINFO_FPS’
  325 | } FUNCTION_PARAMETER_SUBINFO_FPS;
      |   ^~~~~~~~~~~~~~~~~~~~~~~~~~~~~~
/home/oguyon/src/milk/src/libfps/fps.h:235:3: error: conflicting types for ‘FUNCTION_PARAMETER’; have ‘struct <anonymous>’
  235 | } FUNCTION_PARAMETER;
      |   ^~~~~~~~~~~~~~~~~~
/home/oguyon/src/milk/src/CommandLineInterface/function_parameters.h:382:3: note: previous declaration of ‘FUNCTION_PARAMETER’ with type ‘FUNCTION_PARAMETER’
  382 | } FUNCTION_PARAMETER;
      |   ^~~~~~~~~~~~~~~~~~
/home/oguyon/src/milk/src/libfps/fps.h:307:3: error: conflicting types for ‘FUNCTION_PARAMETER_STRUCT_MD’; have ‘struct <anonymous>’
  307 | } FUNCTION_PARAMETER_STRUCT_MD;
      |   ^~~~~~~~~~~~~~~~~~~~~~~~~~~~
/home/oguyon/src/milk/src/CommandLineInterface/function_parameters.h:519:3: note: previous declaration of ‘FUNCTION_PARAMETER_STRUCT_MD’ with type ‘FUNCTION_PARAMETER_STRUCT_MD’
  519 | } FUNCTION_PARAMETER_STRUCT_MD;
      |   ^~~~~~~~~~~~~~~~~~~~~~~~~~~~
/home/oguyon/src/milk/src/libfps/fps.h:321:3: error: conflicting types for ‘FUNCTION_PARAMETER_STRUCT’; have ‘struct <anonymous>’
  321 | } FUNCTION_PARAMETER_STRUCT;
      |   ^~~~~~~~~~~~~~~~~~~~~~~~~
/home/oguyon/src/milk/src/CommandLineInterface/function_parameters.h:541:3: note: previous declaration of ‘FUNCTION_PARAMETER_STRUCT’ with type ‘FUNCTION_PARAMETER_STRUCT’
  541 | } FUNCTION_PARAMETER_STRUCT;
      |   ^~~~~~~~~~~~~~~~~~~~~~~~~
/home/oguyon/src/milk/src/libfps/fps.h:326:3: error: conflicting types for ‘FPS2PROCINFOMAP’; have ‘struct <anonymous>’
  326 | } FPS2PROCINFOMAP;
      |   ^~~~~~~~~~~~~~~
/home/oguyon/src/milk/src/CommandLineInterface/function_parameters.h:548:3: note: previous declaration of ‘FPS2PROCINFOMAP’ with type ‘FPS2PROCINFOMAP’
  548 | } FPS2PROCINFOMAP;
      |   ^~~~~~~~~~~~~~~
/home/oguyon/src/milk/src/libfps/fps.h:355:3: error: conflicting types for ‘FPSCTRL_TASK_QUEUE’; have ‘struct <anonymous>’
  355 | } FPSCTRL_TASK_QUEUE;
      |   ^~~~~~~~~~~~~~~~~~
/home/oguyon/src/milk/src/CommandLineInterface/function_parameters.h:594:3: note: previous declaration of ‘FPSCTRL_TASK_QUEUE’ with type ‘FPSCTRL_TASK_QUEUE’
  594 | } FPSCTRL_TASK_QUEUE;
      |   ^~~~~~~~~~~~~~~~~~
/home/oguyon/src/milk/src/libfps/fps.h:368:3: error: conflicting types for ‘FPSCTRL_TASK_ENTRY’; have ‘struct <anonymous>’
  368 | } FPSCTRL_TASK_ENTRY;
      |   ^~~~~~~~~~~~~~~~~~
/home/oguyon/src/milk/src/CommandLineInterface/function_parameters.h:617:3: note: previous declaration of ‘FPSCTRL_TASK_ENTRY’ with type ‘FPSCTRL_TASK_ENTRY’
  617 | } FPSCTRL_TASK_ENTRY;
      |   ^~~~~~~~~~~~~~~~~~
/home/oguyon/src/milk/src/libfps/fps.h:391:3: error: conflicting types for ‘FPSCTRL_PROCESS_VARS’; have ‘struct <anonymous>’
  391 | } FPSCTRL_PROCESS_VARS;
      |   ^~~~~~~~~~~~~~~~~~~~
/home/oguyon/src/milk/src/CommandLineInterface/function_parameters.h:642:3: note: previous declaration of ‘FPSCTRL_PROCESS_VARS’ with type ‘FPSCTRL_PROCESS_VARS’
  642 | } FPSCTRL_PROCESS_VARS;
      |   ^~~~~~~~~~~~~~~~~~~~
/home/oguyon/src/milk/src/libfps/fps.h:407:3: error: conflicting types for ‘KEYWORD_TREE_NODE’; have ‘struct <anonymous>’
  407 | } KEYWORD_TREE_NODE;
      |   ^~~~~~~~~~~~~~~~~
/home/oguyon/src/milk/src/CommandLineInterface/function_parameters.h:663:3: note: previous declaration of ‘KEYWORD_TREE_NODE’ with type ‘KEYWORD_TREE_NODE’
  663 | } KEYWORD_TREE_NODE;
      |   ^~~~~~~~~~~~~~~~~
/home/oguyon/src/milk/src/libfps/fps_execFPScmd.c: In function ‘function_parameter_execFPScmd’:
/home/oguyon/src/milk/src/libfps/fps_execFPScmd.c:57:45: error: passing argument 1 of ‘functionparameter_FPS_tmux_init’ from incompatible pointer type [-Wincompatible-pointer-types]
   57 |             functionparameter_FPS_tmux_init(&data.fpsarray[fpsID]);
      |                                             ^~~~~~~~~~~~~~~~~~~~~
      |                                             |
      |                                             FUNCTION_PARAMETER_STRUCT *
/home/oguyon/src/milk/src/libfps/fps_tmux.h:16:68: note: expected ‘FUNCTION_PARAMETER_STRUCT *’ but argument is of type ‘FUNCTION_PARAMETER_STRUCT *’
   16 | errno_t functionparameter_FPS_tmux_init(FUNCTION_PARAMETER_STRUCT *fps);
      |                                         ~~~~~~~~~~~~~~~~~~~~~~~~~~~^~~
/home/oguyon/src/milk/src/libfps/fps_execFPScmd.c:68:45: error: passing argument 1 of ‘functionparameter_FPS_tmux_kill’ from incompatible pointer type [-Wincompatible-pointer-types]
   68 |             functionparameter_FPS_tmux_kill(&data.fpsarray[fpsID]);
      |                                             ^~~~~~~~~~~~~~~~~~~~~
      |                                             |
      |                                             FUNCTION_PARAMETER_STRUCT *
/home/oguyon/src/milk/src/libfps/fps_tmux.h:12:68: note: expected ‘FUNCTION_PARAMETER_STRUCT *’ but argument is of type ‘FUNCTION_PARAMETER_STRUCT *’
   12 | errno_t functionparameter_FPS_tmux_kill(FUNCTION_PARAMETER_STRUCT *fps);
      |                                         ~~~~~~~~~~~~~~~~~~~~~~~~~~~^~~
gmake[2]: *** [src/libfps/CMakeFiles/fps.dir/build.make:163: src/libfps/CMakeFiles/fps.dir/fps_execFPScmd.c.o] Error 1
gmake[1]: *** [CMakeFiles/Makefile2:3460: src/libfps/CMakeFiles/fps.dir/all] Error 2
gmake[1]: *** Waiting for unfinished jobs....
[ 45%] Built target CLIcore
gmake: *** [Makefile:146: all] Error 2
